Component: ARM Compiler 5.06 update 6 (build 750) Tool: armlink [4d35ed]

==============================================================================

Section Cross References

    main.o(.text) refers to delay.o(.text) for delay_init
    main.o(.text) refers to misc.o(.text) for NVIC_PriorityGroupConfig
    main.o(.text) refers to encoder.o(.text) for Encoder_Init_TIM2
    main.o(.text) refers to usart.o(.text) for uart_init
    main.o(.text) refers to usart3.o(.text) for usart3_init
    main.o(.text) refers to esp8266.o(.text) for esp8266_start_trans
    main.o(.text) refers to motor.o(.text) for Servo_PWM_Init
    main.o(.text) refers to red.o(.text) for Red_Init
    main.o(.text) refers to feqf.o(x$fpl$feqf) for __aeabi_cfcmpeq
    main.o(.text) refers to fflt_clz.o(x$fpl$fflt) for __aeabi_i2f
    main.o(.text) refers to usart3.o(.data) for USART3_RX_STA
    main.o(.text) refers to usart3.o(.bss) for USART3_RX_BUF
    main.o(.text) refers to main.o(.data) for Speed_Target
    main.o(.text) refers to red.o(.data) for obsatacle_R
    system_stm32f10x.o(.text) refers to system_stm32f10x.o(.data) for SystemCoreClock
    encoder.o(.text) refers to sys.o(.text) for MY_NVIC_Init
    control.o(.text) refers to f2d.o(x$fpl$f2d) for __aeabi_f2d
    control.o(.text) refers to tan.o(i.tan) for tan
    control.o(.text) refers to dmul.o(x$fpl$dmul) for __aeabi_dmul
    control.o(.text) refers to ddiv.o(x$fpl$ddiv) for __aeabi_ddiv
    control.o(.text) refers to daddsub_clz.o(x$fpl$dadd) for __aeabi_dadd
    control.o(.text) refers to dfix.o(x$fpl$dfix) for __aeabi_d2iz
    control.o(.text) refers to daddsub_clz.o(x$fpl$drsb) for __aeabi_drsub
    control.o(.text) refers to fmul.o(x$fpl$fmul) for __aeabi_fmul
    control.o(.text) refers to faddsub_clz.o(x$fpl$fadd) for __aeabi_fadd
    control.o(.text) refers to ffix.o(x$fpl$ffix) for __aeabi_f2iz
    control.o(.text) refers to fflt_clz.o(x$fpl$fflt) for __aeabi_i2f
    control.o(.text) refers to encoder.o(.text) for Read_Encoder
    control.o(.text) refers to red.o(.text) for Red_detect
    control.o(.text) refers to feqf.o(x$fpl$feqf) for __aeabi_cfcmpeq
    control.o(.text) refers to main.o(.data) for Target_A
    control.o(.text) refers to control.o(.data) for Bias
    control.o(.text) refers to red.o(.data) for obsatacle0
    control.o(.text) refers to dflt_clz.o(x$fpl$dflt) for __aeabi_i2d
    motor.o(.text) refers to sys.o(.text) for MY_NVIC_Init
    usart3.o(.text) refers to stm32f10x_usart.o(.text) for USART_GetITStatus
    usart3.o(.text) refers to stm32f10x_rcc.o(.text) for RCC_APB2PeriphClockCmd
    usart3.o(.text) refers to stm32f10x_gpio.o(.text) for GPIO_Init
    usart3.o(.text) refers to misc.o(.text) for NVIC_Init
    usart3.o(.text) refers to c89vsprintf.o(.text) for __c89vsprintf
    usart3.o(.text) refers to strlen.o(.text) for strlen
    usart3.o(.text) refers to usart3.o(.data) for USART3_RX_STA
    usart3.o(.text) refers to usart3.o(.bss) for USART3_RX_BUF
    esp8266.o(.text) refers to _printf_percent.o(.ARM.Collect$$_printf_percent$$00000000) for _printf_percent
    esp8266.o(.text) refers to _printf_s.o(.ARM.Collect$$_printf_percent$$00000014) for _printf_s
    esp8266.o(.text) refers to _printf_str.o(.text) for _printf_str
    esp8266.o(.text) refers to strstr.o(.text) for strstr
    esp8266.o(.text) refers to usart3.o(.text) for u3_printf
    esp8266.o(.text) refers to delay.o(.text) for delay_ms
    esp8266.o(.text) refers to __2printf.o(.text) for __2printf
    esp8266.o(.text) refers to usart3.o(.data) for USART3_RX_STA
    esp8266.o(.text) refers to usart3.o(.bss) for USART3_RX_BUF
    red.o(.text) refers to stm32f10x_gpio.o(.text) for GPIO_Init
    red.o(.text) refers to fflt_clz.o(x$fpl$ffltu) for __aeabi_ui2f
    red.o(.text) refers to red.o(.data) for obsatacle0
    led.o(.text) refers to stm32f10x_rcc.o(.text) for RCC_APB2PeriphClockCmd
    led.o(.text) refers to stm32f10x_gpio.o(.text) for GPIO_Init
    delay.o(.text) refers to misc.o(.text) for SysTick_CLKSourceConfig
    delay.o(.text) refers to system_stm32f10x.o(.data) for SystemCoreClock
    delay.o(.text) refers to delay.o(.data) for fac_us
    usart.o(.text) refers (Special) to use_no_semi_2.o(.text) for __use_no_semihosting
    usart.o(.text) refers to stm32f10x_rcc.o(.text) for RCC_APB2PeriphClockCmd
    usart.o(.text) refers to stm32f10x_gpio.o(.text) for GPIO_Init
    usart.o(.text) refers to misc.o(.text) for NVIC_Init
    usart.o(.text) refers to stm32f10x_usart.o(.text) for USART_Init
    usart.o(.text) refers to usart.o(.data) for USART_RX_STA
    usart.o(.text) refers to usart.o(.bss) for USART_RX_BUF
    usart.o(.bss) refers (Special) to use_no_semi_2.o(.text) for __use_no_semihosting
    usart.o(.data) refers (Special) to use_no_semi_2.o(.text) for __use_no_semihosting
    sys.o(.text) refers to sys.o(.emb_text) for WFI_SET
[...]
    x$fpl$dfltu                              0x08004a70   Section       38  dflt_clz.o(x$fpl$dfltu)
    x$fpl$dmul                               0x08004a98   Section      340  dmul.o(x$fpl$dmul)
    x$fpl$dnaninf                            0x08004bec   Section      156  dnaninf.o(x$fpl$dnaninf)
    x$fpl$dretinf                            0x08004c88   Section       12  dretinf.o(x$fpl$dretinf)
    x$fpl$drsb                               0x08004c94   Section       22  daddsub_clz.o(x$fpl$drsb)
    x$fpl$dsub                               0x08004cac   Section      468  daddsub_clz.o(x$fpl$dsub)
    _dsub1                                   0x08004cbd   Thumb Code     0  daddsub_clz.o(x$fpl$dsub)
    x$fpl$f2d                                0x08004e80   Section       86  f2d.o(x$fpl$f2d)
    x$fpl$fadd                               0x08004ed8   Section      196  faddsub_clz.o(x$fpl$fadd)
    _fadd1                                   0x08004ee7   Thumb Code     0  faddsub_clz.o(x$fpl$fadd)
    x$fpl$fcmpinf                            0x08004f9c   Section       24  fcmpi.o(x$fpl$fcmpinf)
    x$fpl$feqf                               0x08004fb4   Section      104  feqf.o(x$fpl$feqf)
    x$fpl$ffix                               0x0800501c   Section       54  ffix.o(x$fpl$ffix)
    x$fpl$fflt                               0x08005054   Section       48  fflt_clz.o(x$fpl$fflt)
    x$fpl$ffltu                              0x08005084   Section       38  fflt_clz.o(x$fpl$ffltu)
    x$fpl$fmul                               0x080050ac   Section      258  fmul.o(x$fpl$fmul)
    x$fpl$fnaninf                            0x080051ae   Section      140  fnaninf.o(x$fpl$fnaninf)
    x$fpl$fretinf                            0x0800523a   Section       10  fretinf.o(x$fpl$fretinf)
    x$fpl$fsub                               0x08005244   Section      234  faddsub_clz.o(x$fpl$fsub)
    _fsub1                                   0x08005253   Thumb Code     0  faddsub_clz.o(x$fpl$fsub)
    x$fpl$printf1                            0x0800532e   Section        4  printf1.o(x$fpl$printf1)
    x$fpl$retnan                             0x08005332   Section      100  retnan.o(x$fpl$retnan)
    x$fpl$scalbn                             0x08005396   Section       92  scalbn.o(x$fpl$scalbn)
    x$fpl$trapveneer                         0x080053f2   Section       48  trapv.o(x$fpl$trapveneer)
    .constdata                               0x08005422   Section       17  __printf_flags_ss_wp.o(.constdata)
    x$fpl$usenofp                            0x08005422   Section        0  usenofp.o(x$fpl$usenofp)
    maptable                                 0x08005422   Data          17  __printf_flags_ss_wp.o(.constdata)
    .constdata                               0x08005434   Section        8  _printf_wctomb.o(.constdata)
    initial_mbstate                          0x08005434   Data           8  _printf_wctomb.o(.constdata)
    .constdata                               0x0800543c   Section       40  _printf_hex_int_ll_ptr.o(.constdata)
    uc_hextab                                0x0800543c   Data          20  _printf_hex_int_ll_ptr.o(.constdata)
    lc_hextab                                0x08005450   Data          20  _printf_hex_int_ll_ptr.o(.constdata)
    .constdata                               0x08005468   Section      200  rred.o(.constdata)
    pio2s                                    0x08005468   Data          48  rred.o(.constdata)
    twooverpi                                0x08005498   Data         152  rred.o(.constdata)
    .constdata                               0x08005530   Section       96  tan_i.o(.constdata)
    Todd                                     0x08005530   Data          48  tan_i.o(.constdata)
    Teven                                    0x08005560   Data          48  tan_i.o(.constdata)
    .constdata                               0x08005590   Section      148  bigflt0.o(.constdata)
    tenpwrs_x                                0x08005590   Data          60  bigflt0.o(.constdata)
    tenpwrs_i                                0x080055cc   Data          64  bigflt0.o(.constdata)
    locale$$data                             0x08005644   Section       28  lc_numeric_c.o(locale$$data)
    __lcnum_c_name                           0x08005648   Data           2  lc_numeric_c.o(locale$$data)
    __lcnum_c_start                          0x08005650   Data           0  lc_numeric_c.o(locale$$data)
    __lcnum_c_point                          0x0800565c   Data           0  lc_numeric_c.o(locale$$data)
    __lcnum_c_thousands                      0x0800565e   Data           0  lc_numeric_c.o(locale$$data)
    __lcnum_c_grouping                       0x0800565f   Data           0  lc_numeric_c.o(locale$$data)
    locale$$data                             0x08005660   Section      272  lc_ctype_c.o(locale$$data)
    __lcnum_c_end                            0x08005660   Data           0  lc_numeric_c.o(locale$$data)
    __lcctype_c_name                         0x08005664   Data           2  lc_ctype_c.o(locale$$data)
    __lcctype_c_start                        0x0800566c   Data           0  lc_ctype_c.o(locale$$data)
    __lcctype_c_end                          0x08005770   Data           0  lc_ctype_c.o(locale$$data)
    .data                                    0x20000000   Section      118  main.o(.data)
    .data                                    0x20000078   Section       20  system_stm32f10x.o(.data)
    .data                                    0x2000008c   Section       44  control.o(.data)
    Bias                                     0x200000a0   Data           4  control.o(.data)
    Pwm                                      0x200000a4   Data           4  control.o(.data)
    Last_bias                                0x200000a8   Data           4  control.o(.data)
    Bias                                     0x200000ac   Data           4  control.o(.data)
    Pwm                                      0x200000b0   Data           4  control.o(.data)
    Last_bias                                0x200000b4   Data           4  control.o(.data)
    .data                                    0x200000b8   Section        2  usart3.o(.data)
    .data                                    0x200000bc   Section       20  red.o(.data)
    .data                                    0x200000d0   Section        4  delay.o(.data)
    fac_us                                   0x200000d0   Data           1  delay.o(.data)
    fac_ms                                   0x200000d2   Data           2  delay.o(.data)
    .data                                    0x200000d4   Section        6  usart.o(.data)
    .data                                    0x200000da   Section       20  stm32f10x_rcc.o(.data)
    APBAHBPrescTable                         0x200000da   Data          16  stm32f10x_rcc.o(.data)
    ADCPrescTable                            0x200000ea   Data           4  stm32f10x_rcc.o(.data)
    .bss                                     0x200000f0   Section     1200  usart3.o(.bss)
    .bss                                     0x200005a0   Section      200  usart.o(.bss)
    .bss                                     0x20000668   Section       96  libspace.o(.bss)
    HEAP                                     0x200006c8   Section      512  startup_stm32f10x_hd.o(HEAP)
    Heap_Mem                                 0x200006c8   Data         512  startup_stm32f10x_hd.o(HEAP)
    STACK                                    0x200008c8   Section     1024  startup_stm32f10x_hd.o(STACK)
    Stack_Mem                                0x200008c8   Data        1024  startup_stm32f10x_hd.o(STACK)
    __initial_sp                             0x20000cc8   Data           0  startup_stm32f10x_hd.o(STACK)

    Global Symbols

    Symbol Name                              Value     Ov Type        Size  Object(Section)

    BuildAttributes$$THM_ISAv4$P$D$K$B$S$PE$A:L22UL41UL21$X:L11$S22US41US21$IEEE1$IW$USESV6$~STKCKD$USESV7$~SHL$OTIME$ROPI$IEEEX$EBA8$UX$STANDARDLIB$REQ8$PRES8$EABIv2 0x00000000   Number         0  anon$$obj.o ABSOLUTE
    __ARM_use_no_argv                        0x00000000   Number         0  main.o ABSOLUTE
    _printf_flags                            0x00000000   Number         0  printf_stubs.o ABSOLUTE
    _printf_return_value                     0x00000000   Number         0  printf_stubs.o ABSOLUTE
    _printf_sizespec                         0x00000000   Number         0  printf_stubs.o ABSOLUTE
    _printf_widthprec                        0x00000000   Number         0  printf_stubs.o ABSOLUTE
    __ARM_exceptions_init                     - Undefined Weak Reference
    __alloca_initialize                       - Undefined Weak Reference
    __arm_preinit_                            - Undefined Weak Reference
    __cpp_initialize__aeabi_                  - Undefined Weak Reference
    __cxa_finalize                            - Undefined Weak Reference
    __sigvec_lookup                           - Undefined Weak Reference
    _atexit_init                              - Undefined Weak Reference
    _call_atexit_fns                          - Undefined Weak Reference
    _clock_init                               - Undefined Weak Reference
    _fp_trap_init                             - Undefined Weak Reference
    _fp_trap_shutdown                         - Undefined Weak Reference
    _get_lc_collate                           - Undefined Weak Reference
    _get_lc_monetary                          - Undefined Weak Reference
    _get_lc_time                              - Undefined Weak Reference
    _getenv_init                              - Undefined Weak Reference
    _handle_redirection                       - Undefined Weak Reference
    _init_alloc                               - Undefined Weak Reference
    _init_user_alloc                          - Undefined Weak Reference
    _initio                                   - Undefined Weak Reference
    _mutex_acquire                            - Undefined Weak Reference
    _mutex_release                            - Undefined Weak Reference
    _printf_fp_hex                            - Undefined Weak Reference
    _printf_mbtowc                            - Undefined Weak Reference
    _printf_wc                                - Undefined Weak Reference
    _rand_init                                - Undefined Weak Reference
    _signal_finish                            - Undefined Weak Reference
    _signal_init                              - Undefined Weak Reference
    _terminate_alloc                          - Undefined Weak Reference
    _terminate_user_alloc                     - Undefined Weak Reference
    _terminateio                              - Undefined Weak Reference
    __Vectors_Size                           0x00000130   Number         0  startup_stm32f10x_hd.o ABSOLUTE
    __Vectors                                0x08000000   Data           4  startup_stm32f10x_hd.o(RESET)
    __Vectors_End                            0x08000130   Data           0  startup_stm32f10x_hd.o(RESET)
    __main                                   0x08000131   Thumb Code     8  __main.o(!!!main)
    __scatterload                            0x08000139   Thumb Code     0  __scatter.o(!!!scatter)
    __scatterload_rt2                        0x08000139   Thumb Code    44  __scatter.o(!!!scatter)
    __scatterload_rt2_thumb_only             0x08000139   Thumb Code     0  __scatter.o(!!!scatter)
    __scatterload_null                       0x08000147   Thumb Code     0  __scatter.o(!!!scatter)
    __scatterload_copy                       0x0800016d   Thumb Code    26  __scatter_copy.o(!!handler_copy)
    __scatterload_zeroinit                   0x08000189   Thumb Code    28  __scatter_zi.o(!!handler_zi)
    _printf_n                                0x080001a5   Thumb Code     0  _printf_n.o(.ARM.Collect$$_printf_percent$$00000001)
    _printf_percent                          0x080001a5   Thumb Code     0  _printf_percent.o(.ARM.Collect$$_printf_percent$$00000000)
    _printf_p                                0x080001ab   Thumb Code     0  _printf_p.o(.ARM.Collect$$_printf_percent$$00000002)
    _printf_f                                0x080001b1   Thumb Code     0  _printf_f.o(.ARM.Collect$$_printf_percent$$00000003)
    _printf_e                                0x080001b7   Thumb Code     0  _printf_e.o(.ARM.Collect$$_printf_percent$$00000004)
    _printf_g                                0x080001bd   Thumb Code     0  _printf_g.o(.ARM.Collect$$_printf_percent$$00000005)
    _printf_a                                0x080001c3   Thumb Code     0  _printf_a.o(.ARM.Collect$$_printf_percent$$00000006)
    _printf_ll                               0x080001c9   Thumb Code     0  _printf_ll.o(.ARM.Collect$$_printf_percent$$00000007)
    _printf_i                                0x080001d3   Thumb Code     0  _printf_i.o(.ARM.Collect$$_printf_percent$$00000008)
    _printf_d                                0x080001d9   Thumb Code     0  _printf_d.o(.ARM.Collect$$_printf_percent$$00000009)
    _printf_u                                0x080001df   Thumb Code     0  _printf_u.o(.ARM.Collect$$_printf_percent$$0000000A)
    _printf_o                                0x080001e5   Thumb Code     0  _printf_o.o(.ARM.Collect$$_printf_percent$$0000000B)
    _printf_x                                0x080001eb   Thumb Code     0  _printf_x.o(.ARM.Collect$$_printf_percent$$0000000C)
    _printf_lli                              0x080001f1   Thumb Code     0  _printf_lli.o(.ARM.Collect$$_printf_percent$$0000000D)
    _printf_lld                              0x080001f7   Thumb Code     0  _printf_lld.o(.ARM.Collect$$_printf_percent$$0000000E)
    _printf_llu                              0x080001fd   Thumb Code     0  _printf_llu.o(.ARM.Collect$$_printf_percent$$0000000F)
    _printf_llo                              0x08000203   Thumb Code     0  _printf_llo.o(.ARM.Collect$$_printf_percent$$00000010)
    _printf_llx                              0x08000209   Thumb Code     0  _printf_llx.o(.ARM.Collect$$_printf_percent$$00000011)
    _printf_l                                0x0800020f   Thumb Code     0  _printf_l.o(.ARM.Collect$$_printf_percent$$00000012)
    _printf_c                                0x08000219   Thumb Code     0  _printf_c.o(.ARM.Collect$$_printf_percent$$00000013)
    _printf_s                                0x0800021f   Thumb Code     0  _printf_s.o(.ARM.Collect$$_printf_percent$$00000014)
    _printf_lc                               0x08000225   Thumb Code     0  _printf_lc.o(.ARM.Collect$$_printf_percent$$00000015)
    _printf_ls                               0x0800022b   Thumb Code     0  _printf_ls.o(.ARM.Collect$$_printf_percent$$00000016)
    _printf_percent_end                      0x08000231   Thumb Code     0  _printf_percent_end.o(.ARM.Collect$$_printf_percent$$00000017)
    __rt_lib_init                            0x08000235   Thumb Code     0  libinit.o(.ARM.Collect$$libinit$$00000000)
    __rt_lib_init_fp_1                       0x08000237   Thumb Code     0  libinit2.o(.ARM.Collect$$libinit$$00000002)
    __rt_lib_init_heap_1                     0x08000237   Thumb Code     0  libinit2.o(.ARM.Collect$$libinit$$0000000A)
    __rt_lib_init_lc_common                  0x08000237   Thumb Code     0  libinit2.o(.ARM.Collect$$libinit$$0000000F)
    __rt_lib_init_preinit_1                  0x08000237   Thumb Code     0  libinit2.o(.ARM.Collect$$libinit$$00000004)
    __rt_lib_init_rand_1                     0x08000237   Thumb Code     0  libinit2.o(.ARM.Collect$$libinit$$0000000E)
    __rt_lib_init_user_alloc_1               0x08000237   Thumb Code     0  libinit2.o(.ARM.Collect$$libinit$$0000000C)
    __rt_lib_init_lc_collate_1               0x0800023d   Thumb Code     0  libinit2.o(.ARM.Collect$$libinit$$00000011)
    __rt_lib_init_lc_ctype_2                 0x0800023d   Thumb Code     0  libinit2.o(.ARM.Collect$$libinit$$00000012)
    __rt_lib_init_lc_ctype_1                 0x08000249   Thumb Code     0  libinit2.o(.ARM.Collect$$libinit$$00000013)
    __rt_lib_init_lc_monetary_1              0x08000249   Thumb Code     0  libinit2.o(.ARM.Collect$$libinit$$00000015)
    __rt_lib_init_lc_numeric_2               0x08000249   Thumb Code     0  libinit2.o(.ARM.Collect$$libinit$$00000016)
    __rt_lib_init_alloca_1                   0x08000253   Thumb Code     0  libinit2.o(.ARM.Collect$$libinit$$0000002E)
    __rt_lib_init_argv_1                     0x08000253   Thumb Code     0  libinit2.o(.ARM.Collect$$libinit$$0000002C)
    __rt_lib_init_atexit_1                   0x08000253   Thumb Code     0  libinit2.o(.ARM.Collect$$libinit$$0000001B)
    __rt_lib_init_clock_1                    0x08000253   Thumb Code     0  libinit2.o(.ARM.Collect$$libinit$$00000021)
    __rt_lib_init_cpp_1                      0x08000253   Thumb Code     0  libinit2.o(.ARM.Collect$$libinit$$00000032)
    __rt_lib_init_exceptions_1               0x08000253   Thumb Code     0  libinit2.o(.ARM.Collect$$libinit$$00000030)
    __rt_lib_init_fp_trap_1                  0x08000253   Thumb Code     0  libinit2.o(.ARM.Collect$$libinit$$0000001F)
    __rt_lib_init_getenv_1                   0x08000253   Thumb Code     0  libinit2.o(.ARM.Collect$$libinit$$00000023)
    __rt_lib_init_lc_numeric_1               0x08000253   Thumb Code     0  libinit2.o(.ARM.Collect$$libinit$$00000017)
    __rt_lib_init_lc_time_1                  0x08000253   Thumb Code     0  libinit2.o(.ARM.Collect$$libinit$$00000019)
    __rt_lib_init_return                     0x08000253   Thumb Code     0  libinit2.o(.ARM.Collect$$libinit$$00000033)
    __rt_lib_init_signal_1                   0x08000253   Thumb Code     0  libinit2.o(.ARM.Collect$$libinit$$0000001D)
    __rt_lib_init_stdio_1                    0x08000253   Thumb Code     0  libinit2.o(.ARM.Collect$$libinit$$00000025)
    __rt_lib_shutdown                        0x08000255   Thumb Code     0  libshutdown.o(.ARM.Collect$$libshutdown$$00000000)
    __rt_lib_shutdown_cpp_1                  0x08000257   Thumb Code     0  libshutdown2.o(.ARM.Collect$$libshutdown$$00000002)
    __rt_lib_shutdown_fp_trap_1              0x08000257   Thumb Code     0  libshutdown2.o(.ARM.Collect$$libshutdown$$00000007)
    __rt_lib_shutdown_heap_1                 0x08000257   Thumb Code     0  libshutdown2.o(.ARM.Collect$$libshutdown$$0000000F)
    __rt_lib_shutdown_return                 0x08000257   Thumb Code     0  libshutdown2.o(.ARM.Collect$$libshutdown$$00000010)
    __rt_lib_shutdown_signal_1               0x08000257   Thumb Code     0  libshutdown2.o(.ARM.Collect$$libshutdown$$0000000A)
    __rt_lib_shutdown_stdio_1                0x08000257   Thumb Code     0  libshutdown2.o(.ARM.Collect$$libshutdown$$00000004)
    __rt_lib_shutdown_user_alloc_1           0x08000257   Thumb Code     0  libshutdown2.o(.ARM.Collect$$libshutdown$$0000000C)
    __rt_entry                               0x08000259   Thumb Code     0  __rtentry.o(.ARM.Collect$$rtentry$$00000000)
    __rt_entry_presh_1                       0x08000259   Thumb Code     0  __rtentry2.o(.ARM.Collect$$rtentry$$00000002)
    __rt_entry_sh                            0x08000259   Thumb Code     0  __rtentry4.o(.ARM.Collect$$rtentry$$00000004)
    __rt_entry_li                            0x0800025f   Thumb Code     0  __rtentry2.o(.ARM.Collect$$rtentry$$0000000A)
    __rt_entry_postsh_1                      0x0800025f   Thumb Code     0  __rtentry2.o(.ARM.Collect$$rtentry$$00000009)
    __rt_entry_main                          0x08000263   Thumb Code     0  __rtentry2.o(.ARM.Collect$$rtentry$$0000000D)
    __rt_entry_postli_1                      0x08000263   Thumb Code     0  __rtentry2.o(.ARM.Collect$$rtentry$$0000000C)
    __rt_exit                                0x0800026b   Thumb Code     0  rtexit.o(.ARM.Collect$$rtexit$$00000000)
    __rt_exit_ls                             0x0800026d   Thumb Code     0  rtexit2.o(.ARM.Collect$$rtexit$$00000003)
    __rt_exit_prels_1                        0x0800026d   Thumb Code     0  rtexit2.o(.ARM.Collect$$rtexit$$00000002)
    __rt_exit_exit                           0x08000271   Thumb Code     0  rtexit2.o(.ARM.Collect$$rtexit$$00000004)
    WFI_SET                                  0x08000279   Thumb Code     2  sys.o(.emb_text)
    INTX_DISABLE                             0x0800027b   Thumb Code     2  sys.o(.emb_text)
    INTX_ENABLE                              0x0800027d   Thumb Code     2  sys.o(.emb_text)
    MSR_MSP                                  0x0800027f   Thumb Code     6  sys.o(.emb_text)
    main                                     0x08000285   Thumb Code   460  main.o(.text)
    NMI_Handler                              0x08000475   Thumb Code     2  stm32f10x_it.o(.text)
    HardFault_Handler                        0x08000477   Thumb Code     4  stm32f10x_it.o(.text)
    MemManage_Handler                        0x0800047b   Thumb Code     4  stm32f10x_it.o(.text)
    BusFault_Handler                         0x0800047f   Thumb Code     4  stm32f10x_it.o(.text)
    UsageFault_Handler                       0x08000483   Thumb Code     4  stm32f10x_it.o(.text)
    SVC_Handler                              0x08000487   Thumb Code     2  stm32f10x_it.o(.text)
    DebugMon_Handler                         0x08000489   Thumb Code     2  stm32f10x_it.o(.text)
    PendSV_Handler                           0x0800048b   Thumb Code     2  stm32f10x_it.o(.text)
    SysTick_Handler                          0x0800048d   Thumb Code     2  stm32f10x_it.o(.text)
    SystemInit                               0x0800056f   Thumb Code    78  system_stm32f10x.o(.text)
    SystemCoreClockUpdate                    0x080005bd   Thumb Code   142  system_stm32f10x.o(.text)
    Encoder_Init_TIM2                        0x08000671   Thumb Code   186  encoder.o(.text)
    Encoder_Init_TIM3                        0x0800072b   Thumb Code   224  encoder.o(.text)
    Read_Encoder                             0x0800080b   Thumb Code    74  encoder.o(.text)
    TIM2_IRQHandler                          0x08000855   Thumb Code    24  encoder.o(.text)
    TIM3_IRQHandler                          0x0800086d   Thumb Code    24  encoder.o(.text)
    Kinematic_Analysis                       0x08000895   Thumb Code   236  control.o(.text)
    Set_Pwm                                  0x08000981   Thumb Code    90  control.o(.text)
    Xianfu_Pwm                               0x080009db   Thumb Code    98  control.o(.text)
    Incremental_PI_B                         0x08000a3d   Thumb Code   114  control.o(.text)
    Incremental_PI_A                         0x08000aaf   Thumb Code   114  control.o(.text)
    Get_Flag                                 0x08000b21   Thumb Code   186  control.o(.text)
    TIM1_UP_IRQHandler                       0x08000bdb   Thumb Code   856  control.o(.text)
    Angle_To_PWM                             0x08000f33   Thumb Code    72  control.o(.text)
    Set_Motor_Pwm                            0x08000f7b   Thumb Code    84  control.o(.text)
    Set_Servo_Pwm                            0x08000fcf   Thumb Code    16  control.o(.text)
    Motor_PWM_Init                           0x0800102d   Thumb Code   228  motor.o(.text)
    Servo_PWM_Init                           0x08001111   Thumb Code   176  motor.o(.text)
    USART3_IRQHandler                        0x080011d5   Thumb Code    76  usart3.o(.text)
    usart3_init                              0x08001221   Thumb Code   172  usart3.o(.text)
    u3_printf                                0x080012cd   Thumb Code    72  usart3.o(.text)
    PutChar                                  0x08001315   Thumb Code    28  usart3.o(.text)
    PutStr                                   0x08001331   Thumb Code    38  usart3.o(.text)
    PutNChar                                 0x08001357   Thumb Code    56  usart3.o(.text)
    esp8266_check_cmd                        0x080013a5   Thumb Code    44  esp8266.o(.text)
    esp8266_send_cmd                         0x080013d1   Thumb Code    92  esp8266.o(.text)
    esp8266_start_trans                      0x0800142d   Thumb Code    88  esp8266.o(.text)
    esp8266_quit_trans                       0x08001485   Thumb Code    50  esp8266.o(.text)
    esp8266_send_data                        0x080014b7   Thumb Code    88  esp8266.o(.text)
    Red_Init                                 0x080015cd   Thumb Code   138  red.o(.text)
    Red_detect                               0x08001657   Thumb Code    60  red.o(.text)
    Red_R_detect                             0x08001693   Thumb Code    42  red.o(.text)
    delay_init                               0x080016d5   Thumb Code    50  delay.o(.text)
    delay_us                                 0x08001707   Thumb Code    72  delay.o(.text)
    delay_ms                                 0x0800174f   Thumb Code    72  delay.o(.text)
    _sys_exit                                0x080017a9   Thumb Code     6  usart.o(.text)
    fputc                                    0x080017af   Thumb Code    24  usart.o(.text)
    uart_init                                0x080017c7   Thumb Code   152  usart.o(.text)
    USART1_IRQHandler                        0x0800185f   Thumb Code   122  usart.o(.text)
    MY_NVIC_SetVectorTable                   0x080018e9   Thumb Code    12  sys.o(.text)
    MY_NVIC_PriorityGroupConfig              0x080018f5   Thumb Code    36  sys.o(.text)
    MY_NVIC_Init                             0x08001919   Thumb Code   116  sys.o(.text)
    Ex_NVIC_Config                           0x0800198d   Thumb Code   146  sys.o(.text)
    MYRCC_DeInit                             0x08001a1f   Thumb Code    90  sys.o(.text)
    Sys_Standby                              0x08001a79   Thumb Code    68  sys.o(.text)
    Sys_Soft_Reset                           0x08001abd   Thumb Code    12  sys.o(.text)
    JTAG_Set                                 0x08001ac9   Thumb Code    42  sys.o(.text)
    Stm32_Clock_Init                         0x08001af3   Thumb Code   134  sys.o(.text)
    Reset_Handler                            0x08001ba5   Thumb Code     8  startup_stm32f10x_hd.o(.text)
    ADC1_2_IRQHandler                        0x08001bbf   Thumb Code     0  startup_stm32f10x_hd.o(.text)
    ADC3_IRQHandler                          0x08001bbf   Thumb Code     0  startup_stm32f10x_hd.o(.text)
    CAN1_RX1_IRQHandler                      0x08001bbf   Thumb Code     0  startup_stm32f10x_hd.o(.text)
    CAN1_SCE_IRQHandler                      0x08001bbf   Thumb Code     0  startup_stm32f10x_hd.o(.text)
    DMA1_Channel1_IRQHandler                 0x08001bbf   Thumb Code     0  startup_stm32f10x_hd.o(.text)
    DMA1_Channel2_IRQHandler                 0x08001bbf   Thumb Code     0  startup_stm32f10x_hd.o(.text)
    DMA1_Channel3_IRQHandler                 0x08001bbf   Thumb Code     0  startup_stm32f10x_hd.o(.text)
    DMA1_Channel4_IRQHandler                 0x08001bbf   Thumb Code     0  startup_stm32f10x_hd.o(.text)
    DMA1_Channel5_IRQHandler                 0x08001bbf   Thumb Code     0  startup_stm32f10x_hd.o(.text)
    DMA1_Channel6_IRQHandler                 0x08001bbf   Thumb Code     0  startup_stm32f10x_hd.o(.text)
    DMA1_Channel7_IRQHandler                 0x08001bbf   Thumb Code     0  startup_stm32f10x_hd.o(.text)
    DMA2_Channel1_IRQHandler                 0x08001bbf   Thumb Code     0  startup_stm32f10x_hd.o(.text)
    DMA2_Channel2_IRQHandler                 0x08001bbf   Thumb Code     0  startup_stm32f10x_hd.o(.text)
    DMA2_Channel3_IRQHandler                 0x08001bbf   Thumb Code     0  startup_stm32f10x_hd.o(.text)
    DMA2_Channel4_5_IRQHandler               0x08001bbf   Thumb Code     0  startup_stm32f10x_hd.o(.text)
    EXTI0_IRQHandler                         0x08001bbf   Thumb Code     0  startup_stm32f10x_hd.o(.text)
    EXTI15_10_IRQHandler                     0x08001bbf   Thumb Code     0  startup_stm32f10x_hd.o(.text)
    EXTI1_IRQHandler                         0x08001bbf   Thumb Code     0  startup_stm32f10x_hd.o(.text)
    EXTI2_IRQHandler                         0x08001bbf   Thumb Code     0  startup_stm32f10x_hd.o(.text)
    EXTI3_IRQHandler                         0x08001bbf   Thumb Code     0  startup_stm32f10x_hd.o(.text)
    EXTI4_IRQHandler                         0x08001bbf   Thumb Code     0  startup_stm32f10x_hd.o(.text)
    EXTI9_5_IRQHandler                       0x08001bbf   Thumb Code     0  startup_stm32f10x_hd.o(.text)
    FLASH_IRQHandler                         0x08001bbf   Thumb Code     0  startup_stm32f10x_hd.o(.text)
    FSMC_IRQHandler                          0x08001bbf   Thumb Code     0  startup_stm32f10x_hd.o(.text)
    I2C1_ER_IRQHandler                       0x08001bbf   Thumb Code     0  startup_stm32f10x_hd.o(.text)
    I2C1_EV_IRQHandler                       0x08001bbf   Thumb Code     0  startup_stm32f10x_hd.o(.text)
    I2C2_ER_IRQHandler                       0x08001bbf   Thumb Code     0  startup_stm32f10x_hd.o(.text)
    I2C2_EV_IRQHandler                       0x08001bbf   Thumb Code     0  startup_stm32f10x_hd.o(.text)
    PVD_IRQHandler                           0x08001bbf   Thumb Code     0  startup_stm32f10x_hd.o(.text)
    RCC_IRQHandler                           0x08001bbf   Thumb Code     0  startup_stm32f10x_hd.o(.text)
    RTCAlarm_IRQHandler                      0x08001bbf   Thumb Code     0  startup_stm32f10x_hd.o(.text)
    RTC_IRQHandler                           0x08001bbf   Thumb Code     0  startup_stm32f10x_hd.o(.text)
    SDIO_IRQHandler                          0x08001bbf   Thumb Code     0  startup_stm32f10x_hd.o(.text)
    SPI1_IRQHandler                          0x08001bbf   Thumb Code     0  startup_stm32f10x_hd.o(.text)
    SPI2_IRQHandler                          0x08001bbf   Thumb Code     0  startup_stm32f10x_hd.o(.text)
    SPI3_IRQHandler                          0x08001bbf   Thumb Code     0  startup_stm32f10x_hd.o(.text)
    TAMPER_IRQHandler                        0x08001bbf   Thumb Code     0  startup_stm32f10x_hd.o(.text)
    TIM1_BRK_IRQHandler                      0x08001bbf   Thumb Code     0  startup_stm32f10x_hd.o(.text)
    TIM1_CC_IRQHandler                       0x08001bbf   Thumb Code     0  startup_stm32f10x_hd.o(.text)
    TIM1_TRG_COM_IRQHandler                  0x08001bbf   Thumb Code     0  startup_stm32f10x_hd.o(.text)
    TIM4_IRQHandler                          0x08001bbf   Thumb Code     0  startup_stm32f10x_hd.o(.text)
    TIM5_IRQHandler                          0x08001bbf   Thumb Code     0  startup_stm32f10x_hd.o(.text)
    TIM6_IRQHandler                          0x08001bbf   Thumb Code     0  startup_stm32f10x_hd.o(.text)
    TIM7_IRQHandler                          0x08001bbf   Thumb Code     0  startup_stm32f10x_hd.o(.text)
    TIM8_BRK_IRQHandler                      0x08001bbf   Thumb Code     0  startup_stm32f10x_hd.o(.text)
    TIM8_CC_IRQHandler                       0x08001bbf   Thumb Code     0  startup_stm32f10x_hd.o(.text)
    TIM8_TRG_COM_IRQHandler                  0x08001bbf   Thumb Code     0  startup_stm32f10x_hd.o(.text)
    TIM8_UP_IRQHandler                       0x08001bbf   Thumb Code     0  startup_stm32f10x_hd.o(.text)
    UART4_IRQHandler                         0x08001bbf   Thumb Code     0  startup_stm32f10x_hd.o(.text)
    UART5_IRQHandler                         0x08001bbf   Thumb Code     0  startup_stm32f10x_hd.o(.text)
    USART2_IRQHandler                        0x08001bbf   Thumb Code     0  startup_stm32f10x_hd.o(.text)
    USBWakeUp_IRQHandler                     0x08001bbf   Thumb Code     0  startup_stm32f10x_hd.o(.text)
    USB_HP_CAN1_TX_IRQHandler                0x08001bbf   Thumb Code     0  startup_stm32f10x_hd.o(.text)
    USB_LP_CAN1_RX0_IRQHandler               0x08001bbf   Thumb Code     0  startup_stm32f10x_hd.o(.text)
    WWDG_IRQHandler                          0x08001bbf   Thumb Code     0  startup_stm32f10x_hd.o(.text)
    __user_initial_stackheap                 0x08001bc1   Thumb Code     0  startup_stm32f10x_hd.o(.text)
    NVIC_PriorityGroupConfig                 0x08001be5   Thumb Code    10  misc.o(.text)
    NVIC_Init                                0x08001bef   Thumb Code   100  misc.o(.text)
    NVIC_SetVectorTable                      0x08001c53   Thumb Code    14  misc.o(.text)
    NVIC_SystemLPConfig                      0x08001c61   Thumb Code    34  misc.o(.text)
    SysTick_CLKSourceConfig                  0x08001c83   Thumb Code    40  misc.o(.text)
    GPIO_DeInit                              0x08001cc1   Thumb Code   172  stm32f10x_gpio.o(.text)
    GPIO_AFIODeInit                          0x08001d6d   Thumb Code    20  stm32f10x_gpio.o(.text)
    GPIO_Init                                0x08001d81   Thumb Code   278  stm32f10x_gpio.o(.text)
    GPIO_StructInit                          0x08001e97   Thumb Code    16  stm32f10x_gpio.o(.text)
    GPIO_ReadInputDataBit                    0x08001ea7   Thumb Code    18  stm32f10x_gpio.o(.text)
    GPIO_ReadInputData                       0x08001eb9   Thumb Code     8  stm32f10x_gpio.o(.text)
    GPIO_ReadOutputDataBit                   0x08001ec1   Thumb Code    18  stm32f10x_gpio.o(.text)
    GPIO_ReadOutputData                      0x08001ed3   Thumb Code     8  stm32f10x_gpio.o(.text)
    GPIO_SetBits                             0x08001edb   Thumb Code     4  stm32f10x_gpio.o(.text)
    GPIO_ResetBits                           0x08001edf   Thumb Code     4  stm32f10x_gpio.o(.text)
    GPIO_WriteBit                            0x08001ee3   Thumb Code    10  stm32f10x_gpio.o(.text)
    GPIO_Write                               0x08001eed   Thumb Code     4  stm32f10x_gpio.o(.text)
    GPIO_PinLockConfig                       0x08001ef1   Thumb Code    18  stm32f10x_gpio.o(.text)
    GPIO_EventOutputConfig                   0x08001f03   Thumb Code    26  stm32f10x_gpio.o(.text)
    GPIO_EventOutputCmd                      0x08001f1d   Thumb Code     6  stm32f10x_gpio.o(.text)
    GPIO_PinRemapConfig                      0x08001f23   Thumb Code   138  stm32f10x_gpio.o(.text)
    GPIO_EXTILineConfig                      0x08001fad   Thumb Code    66  stm32f10x_gpio.o(.text)
    GPIO_ETH_MediaInterfaceConfig            0x08001fef   Thumb Code     8  stm32f10x_gpio.o(.text)
    RCC_DeInit                               0x0800201d   Thumb Code    64  stm32f10x_rcc.o(.text)
    RCC_HSEConfig                            0x0800205d   Thumb Code    70  stm32f10x_rcc.o(.text)
    RCC_GetFlagStatus                        0x080020a3   Thumb Code    56  stm32f10x_rcc.o(.text)
    RCC_WaitForHSEStartUp                    0x080020db   Thumb Code    56  stm32f10x_rcc.o(.text)
    RCC_AdjustHSICalibrationValue            0x08002113   Thumb Code    20  stm32f10x_rcc.o(.text)
    RCC_HSICmd                               0x08002127   Thumb Code     6  stm32f10x_rcc.o(.text)
    RCC_PLLConfig                            0x0800212d   Thumb Code    24  stm32f10x_rcc.o(.text)
    RCC_PLLCmd                               0x08002145   Thumb Code     6  stm32f10x_rcc.o(.text)
    RCC_SYSCLKConfig                         0x0800214b   Thumb Code    18  stm32f10x_rcc.o(.text)
    RCC_GetSYSCLKSource                      0x0800215d   Thumb Code    10  stm32f10x_rcc.o(.text)
    RCC_HCLKConfig                           0x08002167   Thumb Code    18  stm32f10x_rcc.o(.text)
    RCC_PCLK1Config                          0x08002179   Thumb Code    18  stm32f10x_rcc.o(.text)
    RCC_PCLK2Config                          0x0800218b   Thumb Code    20  stm32f10x_rcc.o(.text)
    RCC_ITConfig                             0x0800219f   Thumb Code    26  stm32f10x_rcc.o(.text)
    RCC_USBCLKConfig                         0x080021b9   Thumb Code     8  stm32f10x_rcc.o(.text)
    RCC_ADCCLKConfig                         0x080021c1   Thumb Code    18  stm32f10x_rcc.o(.text)
    RCC_LSEConfig                            0x080021d3   Thumb Code    50  stm32f10x_rcc.o(.text)
    RCC_LSICmd                               0x08002205   Thumb Code     6  stm32f10x_rcc.o(.text)
    RCC_RTCCLKConfig                         0x0800220b   Thumb Code    12  stm32f10x_rcc.o(.text)
    RCC_RTCCLKCmd                            0x08002217   Thumb Code     8  stm32f10x_rcc.o(.text)
    RCC_GetClocksFreq                        0x0800221f   Thumb Code   192  stm32f10x_rcc.o(.text)
    RCC_AHBPeriphClockCmd                    0x080022df   Thumb Code    26  stm32f10x_rcc.o(.text)
    RCC_APB2PeriphClockCmd                   0x080022f9   Thumb Code    26  stm32f10x_rcc.o(.text)
    RCC_APB1PeriphClockCmd                   0x08002313   Thumb Code    26  stm32f10x_rcc.o(.text)
    RCC_APB2PeriphResetCmd                   0x0800232d   Thumb Code    26  stm32f10x_rcc.o(.text)
    RCC_APB1PeriphResetCmd                   0x08002347   Thumb Code    26  stm32f10x_rcc.o(.text)
    RCC_BackupResetCmd                       0x08002361   Thumb Code     8  stm32f10x_rcc.o(.text)
    RCC_ClockSecuritySystemCmd               0x08002369   Thumb Code     6  stm32f10x_rcc.o(.text)
    RCC_MCOConfig                            0x0800236f   Thumb Code     6  stm32f10x_rcc.o(.text)
    RCC_ClearFlag                            0x08002375   Thumb Code    14  stm32f10x_rcc.o(.text)
    RCC_GetITStatus                          0x08002383   Thumb Code    20  stm32f10x_rcc.o(.text)
    RCC_ClearITPendingBit                    0x08002397   Thumb Code     6  stm32f10x_rcc.o(.text)
    USART_DeInit                             0x080023c1   Thumb Code   134  stm32f10x_usart.o(.text)
    USART_Init                               0x08002447   Thumb Code   210  stm32f10x_usart.o(.text)
    USART_StructInit                         0x08002519   Thumb Code    24  stm32f10x_usart.o(.text)
    USART_ClockInit                          0x08002531   Thumb Code    34  stm32f10x_usart.o(.text)
    USART_ClockStructInit                    0x08002553   Thumb Code    12  stm32f10x_usart.o(.text)
    USART_Cmd                                0x0800255f   Thumb Code    24  stm32f10x_usart.o(.text)
    USART_ITConfig                           0x08002577   Thumb Code    74  stm32f10x_usart.o(.text)
    USART_DMACmd                             0x080025c1   Thumb Code    18  stm32f10x_usart.o(.text)
    USART_SetAddress                         0x080025d3   Thumb Code    18  stm32f10x_usart.o(.text)
    USART_WakeUpConfig                       0x080025e5   Thumb Code    18  stm32f10x_usart.o(.text)
    USART_ReceiverWakeUpCmd                  0x080025f7   Thumb Code    24  stm32f10x_usart.o(.text)
    USART_LINBreakDetectLengthConfig         0x0800260f   Thumb Code    18  stm32f10x_usart.o(.text)
    USART_LINCmd                             0x08002621   Thumb Code    24  stm32f10x_usart.o(.text)
    USART_SendData                           0x08002639   Thumb Code     8  stm32f10x_usart.o(.text)
    USART_ReceiveData                        0x08002641   Thumb Code    10  stm32f10x_usart.o(.text)
    USART_SendBreak                          0x0800264b   Thumb Code    10  stm32f10x_usart.o(.text)
    USART_SetGuardTime                       0x08002655   Thumb Code    16  stm32f10x_usart.o(.text)
    USART_SetPrescaler                       0x08002665   Thumb Code    16  stm32f10x_usart.o(.text)
    USART_SmartCardCmd                       0x08002675   Thumb Code    24  stm32f10x_usart.o(.text)
    USART_SmartCardNACKCmd                   0x0800268d   Thumb Code    24  stm32f10x_usart.o(.text)
    USART_HalfDuplexCmd                      0x080026a5   Thumb Code    24  stm32f10x_usart.o(.text)
    USART_OverSampling8Cmd                   0x080026bd   Thumb Code    22  stm32f10x_usart.o(.text)
    USART_OneBitMethodCmd                    0x080026d3   Thumb Code    24  stm32f10x_usart.o(.text)
    USART_IrDAConfig                         0x080026eb   Thumb Code    18  stm32f10x_usart.o(.text)
    USART_IrDACmd                            0x080026fd   Thumb Code    24  stm32f10x_usart.o(.text)
    USART_GetFlagStatus                      0x08002715   Thumb Code    26  stm32f10x_usart.o(.text)
    USART_ClearFlag                          0x0800272f   Thumb Code    18  stm32f10x_usart.o(.text)
    USART_GetITStatus                        0x08002741   Thumb Code    84  stm32f10x_usart.o(.text)
    USART_ClearITPendingBit                  0x08002795   Thumb Code    52  stm32f10x_usart.o(.text)
    __use_no_semihosting                     0x080027c9   Thumb Code     2  use_no_semi_2.o(.text)
    __c89vsprintf                            0x080027cd   Thumb Code    32  c89vsprintf.o(.text)
    __2printf                                0x080027f1   Thumb Code    20  __2printf.o(.text)
    _printf_str                              0x08002809   Thumb Code    82  _printf_str.o(.text)
    __printf                                 0x0800285d   Thumb Code   388  __printf_flags_ss_wp.o(.text)
    strstr                                   0x080029e5   Thumb Code    36  strstr.o(.text)
    strlen                                   0x08002a09   Thumb Code    62  strlen.o(.text)
    __use_two_region_memory                  0x08002a47   Thumb Code     2  heapauxi.o(.text)
    __rt_heap_escrow$2region                 0x08002a49   Thumb Code     2  heapauxi.o(.text)
    __rt_heap_expand$2region                 0x08002a4b   Thumb Code     2  heapauxi.o(.text)
    __I$use$semihosting                      0x08002a4d   Thumb Code     0  use_no_semi.o(.text)
    __use_no_semihosting_swi                 0x08002a4d   Thumb Code     2  use_no_semi.o(.text)
    __read_errno                             0x08002a4f   Thumb Code    10  _rserrno.o(.text)
    __set_errno                              0x08002a59   Thumb Code    12  _rserrno.o(.text)
    _printf_pre_padding                      0x08002a65   Thumb Code    44  _printf_pad.o(.text)
    _printf_post_padding                     0x08002a91   Thumb Code    34  _printf_pad.o(.text)
    _printf_truncate_signed                  0x08002ab3   Thumb Code    18  _printf_truncate.o(.text)
    _printf_truncate_unsigned                0x08002ac5   Thumb Code    18  _printf_truncate.o(.text)
    _printf_int_dec                          0x08002ad9   Thumb Code   104  _printf_dec.o(.text)
    _printf_charcount                        0x08002b51   Thumb Code    40  _printf_charcount.o(.text)
    _printf_char_common                      0x08002b83   Thumb Code    32  _printf_char_common.o(.text)
    _sputc                                   0x08002ba9   Thumb Code    10  _sputc.o(.text)
    _printf_cs_common                        0x08002bb3   Thumb Code    20  _printf_char.o(.text)
    _printf_char                             0x08002bc7   Thumb Code    16  _printf_char.o(.text)
    _printf_string                           0x08002bd7   Thumb Code     8  _printf_char.o(.text)
    _printf_char_file                        0x08002be1   Thumb Code    32  _printf_char_file.o(.text)
    _printf_wctomb                           0x08002c05   Thumb Code   182  _printf_wctomb.o(.text)
    _printf_longlong_dec                     0x08002cc1   Thumb Code   108  _printf_longlong_dec.o(.text)
    _printf_longlong_oct                     0x08002d3d   Thumb Code    66  _printf_oct_int_ll.o(.text)
    _printf_int_oct                          0x08002d7f   Thumb Code    24  _printf_oct_int_ll.o(.text)
    _printf_ll_oct                           0x08002d97   Thumb Code    12  _printf_oct_int_ll.o(.text)
    _printf_longlong_hex                     0x08002dad   Thumb Code    86  _printf_hex_int_ll_ptr.o(.text)
    _printf_int_hex                          0x08002e03   Thumb Code    28  _printf_hex_int_ll_ptr.o(.text)
    _printf_ll_hex                           0x08002e1f   Thumb Code    12  _printf_hex_int_ll_ptr.o(.text)
    _printf_hex_ptr                          0x08002e2b   Thumb Code    18  _printf_hex_int_ll_ptr.o(.text)
    __aeabi_errno_addr                       0x08002e41   Thumb Code     8  rt_errno_addr_intlibspace.o(.text)
    __errno$intlibspace                      0x08002e41   Thumb Code     0  rt_errno_addr_intlibspace.o(.text)
    __rt_errno_addr$intlibspace              0x08002e41   Thumb Code     0  rt_errno_addr_intlibspace.o(.text)
    _ll_udiv10                               0x08002e49   Thumb Code   138  lludiv10.o(.text)
    _printf_int_common                       0x08002ed3   Thumb Code   178  _printf_intcommon.o(.text)
    __lib_sel_fp_printf                      0x08002f85   Thumb Code     2  _printf_fp_dec.o(.text)
    _printf_fp_dec_real                      0x08003137   Thumb Code   620  _printf_fp_dec.o(.text)
    _printf_lcs_common                       0x080033a3   Thumb Code    20  _printf_wchar.o(.text)
    _printf_wchar                            0x080033b7   Thumb Code    16  _printf_wchar.o(.text)
    _printf_wstring                          0x080033c7   Thumb Code     8  _printf_wchar.o(.text)
    ferror                                   0x080033cf   Thumb Code     8  ferror.o(.text)
    _wcrtomb                                 0x080033d7   Thumb Code    64  _wcrtomb.o(.text)
    __user_libspace                          0x08003419   Thumb Code     8  libspace.o(.text)
    __user_perproc_libspace                  0x08003419   Thumb Code     0  libspace.o(.text)
    __user_perthread_libspace                0x08003419   Thumb Code     0  libspace.o(.text)
    __user_setup_stackheap                   0x08003421   Thumb Code    74  sys_stackheap_outer.o(.text)
    __rt_ctype_table                         0x0800346d   Thumb Code    16  rt_ctype_table.o(.text)
    __rt_locale                              0x0800347d   Thumb Code     8  rt_locale_intlibspace.o(.text)
    _printf_fp_infnan                        0x08003485   Thumb Code   112  _printf_fp_infnan.o(.text)
    _btod_etento                             0x08003505   Thumb Code   224  bigflt0.o(.text)
    exit                                     0x080035e9   Thumb Code    18  exit.o(.text)
    strcmp                                   0x080035fd   Thumb Code   128  strcmpv7m.o(.text)
    _btod_d2e                                0x0800367d   Thumb Code    62  btod.o(CL$$btod_d2e)
    _d2e_denorm_low                          0x080036bb   Thumb Code    70  btod.o(CL$$btod_d2e_denorm_low)
    _d2e_norm_op1                            0x08003701   Thumb Code    96  btod.o(CL$$btod_d2e_norm_op1)
    __btod_div_common                        0x08003761   Thumb Code   696  btod.o(CL$$btod_div_common)
    _e2e                                     0x08003a99   Thumb Code   220  btod.o(CL$$btod_e2e)
    _btod_ediv                               0x08003b75   Thumb Code    42  btod.o(CL$$btod_ediv)
    _btod_emul                               0x08003b9f   Thumb Code    42  btod.o(CL$$btod_emul)
    __btod_mult_common                       0x08003bc9   Thumb Code   580  btod.o(CL$$btod_mult_common)
    __ARM_fpclassify                         0x08003e0d   Thumb Code    40  fpclassify.o(i.__ARM_fpclassify)
    __ieee754_rem_pio2                       0x08003e35   Thumb Code   828  rred.o(i.__ieee754_rem_pio2)
    __kernel_poly                            0x080041bd   Thumb Code   170  poly.o(i.__kernel_poly)
    __kernel_tan                             0x08004269   Thumb Code   586  tan_i.o(i.__kernel_tan)
    __mathlib_dbl_infnan                     0x080044e5   Thumb Code     6  dunder.o(i.__mathlib_dbl_infnan)
    __mathlib_dbl_invalid                    0x080044eb   Thumb Code    12  dunder.o(i.__mathlib_dbl_invalid)
    __mathlib_dbl_underflow                  0x080044f9   Thumb Code    10  dunder.o(i.__mathlib_dbl_underflow)
    _is_digit                                0x08004509   Thumb Code    14  __printf_wp.o(i._is_digit)
    tan                                      0x08004519   Thumb Code    90  tan.o(i.tan)
    _get_lc_numeric                          0x0800457d   Thumb Code    44  lc_numeric_c.o(locale$$code)
    _get_lc_ctype                            0x080045a9   Thumb Code    44  lc_ctype_c.o(locale$$code)
    __aeabi_dadd                             0x080045d5   Thumb Code     0  daddsub_clz.o(x$fpl$dadd)
    _dadd                                    0x080045d5   Thumb Code   332  daddsub_clz.o(x$fpl$dadd)
    __fpl_dcheck_NaN1                        0x08004725   Thumb Code    10  dcheck1.o(x$fpl$dcheck1)
    __aeabi_ddiv                             0x08004735   Thumb Code     0  ddiv.o(x$fpl$ddiv)
    _ddiv                                    0x08004735   Thumb Code   552  ddiv.o(x$fpl$ddiv)
    __aeabi_d2iz                             0x080049e5   Thumb Code     0  dfix.o(x$fpl$dfix)
    _dfix                                    0x080049e5   Thumb Code    94  dfix.o(x$fpl$dfix)
    __aeabi_i2d                              0x08004a43   Thumb Code     0  dflt_clz.o(x$fpl$dflt)
    _dflt                                    0x08004a43   Thumb Code    46  dflt_clz.o(x$fpl$dflt)
    __aeabi_ui2d                             0x08004a71   Thumb Code     0  dflt_clz.o(x$fpl$dfltu)
    _dfltu                                   0x08004a71   Thumb Code    38  dflt_clz.o(x$fpl$dfltu)
    __aeabi_dmul                             0x08004a99   Thumb Code     0  dmul.o(x$fpl$dmul)
    _dmul                                    0x08004a99   Thumb Code   332  dmul.o(x$fpl$dmul)
    __fpl_dnaninf                            0x08004bed   Thumb Code   156  dnaninf.o(x$fpl$dnaninf)
    __fpl_dretinf                            0x08004c89   Thumb Code    12  dretinf.o(x$fpl$dretinf)
    __aeabi_drsub                            0x08004c95   Thumb Code     0  daddsub_clz.o(x$fpl$drsb)
    _drsb                                    0x08004c95   Thumb Code    22  daddsub_clz.o(x$fpl$drsb)
    __aeabi_dsub                             0x08004cad   Thumb Code     0  daddsub_clz.o(x$fpl$dsub)
    _dsub                                    0x08004cad   Thumb Code   464  daddsub_clz.o(x$fpl$dsub)
    __aeabi_f2d                              0x08004e81   Thumb Code     0  f2d.o(x$fpl$f2d)
    _f2d                                     0x08004e81   Thumb Code    86  f2d.o(x$fpl$f2d)
    __aeabi_fadd                             0x08004ed9   Thumb Code     0  faddsub_clz.o(x$fpl$fadd)
    _fadd                                    0x08004ed9   Thumb Code   196  faddsub_clz.o(x$fpl$fadd)
    __fpl_fcmp_Inf                           0x08004f9d   Thumb Code    24  fcmpi.o(x$fpl$fcmpinf)
    __aeabi_cfcmpeq                          0x08004fb5   Thumb Code     0  feqf.o(x$fpl$feqf)
    _fcmpeq                                  0x08004fb5   Thumb Code   104  feqf.o(x$fpl$feqf)
    __aeabi_f2iz                             0x0800501d   Thumb Code     0  ffix.o(x$fpl$ffix)
    _ffix                                    0x0800501d   Thumb Code    54  ffix.o(x$fpl$ffix)
    __aeabi_i2f                              0x08005055   Thumb Code     0  fflt_clz.o(x$fpl$fflt)
    _fflt                                    0x08005055   Thumb Code    48  fflt_clz.o(x$fpl$fflt)
    __aeabi_ui2f                             0x08005085   Thumb Code     0  fflt_clz.o(x$fpl$ffltu)
    _ffltu                                   0x08005085   Thumb Code    38  fflt_clz.o(x$fpl$ffltu)
    __aeabi_fmul                             0x080050ad   Thumb Code     0  fmul.o(x$fpl$fmul)
    _fmul                                    0x080050ad   Thumb Code   258  fmul.o(x$fpl$fmul)
    __fpl_fnaninf                            0x080051af   Thumb Code   140  fnaninf.o(x$fpl$fnaninf)
    __fpl_fretinf                            0x0800523b   Thumb Code    10  fretinf.o(x$fpl$fretinf)
    __aeabi_fsub                             0x08005245   Thumb Code     0  faddsub_clz.o(x$fpl$fsub)
    _fsub                                    0x08005245   Thumb Code   234  faddsub_clz.o(x$fpl$fsub)
    _printf_fp_dec                           0x0800532f   Thumb Code     4  printf1.o(x$fpl$printf1)
    __fpl_return_NaN                         0x08005333   Thumb Code   100  retnan.o(x$fpl$retnan)
    __ARM_scalbn                             0x08005397   Thumb Code    92  scalbn.o(x$fpl$scalbn)
    __fpl_cmpreturn                          0x080053f3   Thumb Code    48  trapv.o(x$fpl$trapveneer)
    __I$use$fp                               0x08005422   Number         0  usenofp.o(x$fpl$usenofp)
    Region$$Table$$Base                      0x08005624   Number         0  anon$$obj.o(Region$$Table)
    Region$$Table$$Limit                     0x08005644   Number         0  anon$$obj.o(Region$$Table)
    __ctype                                  0x0800566d   Data           0  lc_ctype_c.o(locale$$data)
    Flag_Way                                 0x20000000   Data           1  main.o(.data)
    Flag_Show                                0x20000001   Data           1  main.o(.data)
    Flag_Stop                                0x20000002   Data           1  main.o(.data)
    Flag_Next                                0x20000003   Data           1  main.o(.data)
    Encoder_Left                             0x20000004   Data           4  main.o(.data)
    Encoder_Right                            0x20000008   Data           4  main.o(.data)
    Encoder_A_EXTI                           0x2000000c   Data           4  main.o(.data)
    Flag_Direction                           0x20000010   Data           4  main.o(.data)
    Flag_Red                                 0x20000014   Data           1  main.o(.data)
    Car_Direction                            0x20000015   Data           1  main.o(.data)
    Encoder_Temp                             0x20000018   Data           4  main.o(.data)
    Velocity                                 0x2000001c   Data           4  main.o(.data)
    Velocity_Set                             0x20000020   Data           4  main.o(.data)
    Angle                                    0x20000024   Data           4  main.o(.data)
    Angle_Set                                0x20000028   Data           4  main.o(.data)
    Motor_A                                  0x2000002c   Data           4  main.o(.data)
    Motor_B                                  0x20000030   Data           4  main.o(.data)
    Servo                                    0x20000034   Data           4  main.o(.data)
    Target_A                                 0x20000038   Data           4  main.o(.data)
    Target_B                                 0x2000003c   Data           4  main.o(.data)
    Speed_Target                             0x20000040   Data           4  main.o(.data)
    flag                                     0x20000044   Data           4  main.o(.data)
    delay_50                                 0x20000048   Data           1  main.o(.data)
    delay_flag                               0x20000049   Data           1  main.o(.data)
    delay_1                                  0x2000004a   Data           2  main.o(.data)
    Velocity_KP                              0x2000004c   Data           4  main.o(.data)
    Velocity_KI                              0x20000050   Data           4  main.o(.data)
    Position_KP                              0x20000054   Data           4  main.o(.data)
    Position_KI                              0x20000058   Data           4  main.o(.data)
    Position_KD                              0x2000005c   Data           4  main.o(.data)
    ahead                                    0x20000060   Data           4  main.o(.data)
    right                                    0x20000064   Data           4  main.o(.data)
    back                                     0x20000068   Data           4  main.o(.data)
    waring                                   0x2000006c   Data           1  main.o(.data)
    p                                        0x20000070   Data           4  main.o(.data)
    DIS                                      0x20000074   Data           2  main.o(.data)
    SystemCoreClock                          0x20000078   Data           4  system_stm32f10x.o(.data)
    AHBPrescTable                            0x2000007c   Data          16  system_stm32f10x.o(.data)
    Flag_Target                              0x2000008c   Data           1  control.o(.data)
    Voltage_Temp                             0x20000090   Data           4  control.o(.data)
    Voltage_Count                            0x20000094   Data           4  control.o(.data)
    Voltage_All                              0x20000098   Data           4  control.o(.data)
    sum                                      0x2000009c   Data           4  control.o(.data)
    USART3_RX_STA                            0x200000b8   Data           2  usart3.o(.data)
    obsatacle0                               0x200000bc   Data           4  red.o(.data)
    obsatacle1                               0x200000c0   Data           4  red.o(.data)
    obsatacle2                               0x200000c4   Data           4  red.o(.data)
    obsatacle_R                              0x200000c8   Data           4  red.o(.data)
    obsatacle_L                              0x200000cc   Data           4  red.o(.data)
    __stdout                                 0x200000d4   Data           4  usart.o(.data)
    USART_RX_STA                             0x200000d8   Data           2  usart.o(.data)
    USART3_RX_BUF                            0x200000f0   Data         600  usart3.o(.bss)
    USART3_TX_BUF                            0x20000348   Data         600  usart3.o(.bss)
    USART_RX_BUF                             0x200005a0   Data         200  usart.o(.bss)
    __libspace_start                         0x20000668   Data          96  libspace.o(.bss)
    __temporary_stack_top$libspace           0x200006c8   Data           0  libspace.o(.bss)



==============================================================================

Memory Map of the image

  Image Entry point : 0x08000131

  Load Region LR_IROM1 (Base: 0x08000000, Size: 0x00005860, Max: 0x00010000, ABSOLUTE)

    Execution Region ER_IROM1 (Exec base: 0x08000000, Load base: 0x08000000, Size: 0x00005770, Max: 0x00010000, ABSOLUTE)

    Exec Addr    Load Addr    Size         Type   Attr      Idx    E Section Name        Object

    0x08000000   0x08000000   0x00000130   Data   RO          393    RESET               startup_stm32f10x_hd.o
    0x08000130   0x08000130   0x00000008   Code   RO          502  * !!!main             c_w.l(__main.o)
    0x08000138   0x08000138   0x00000034   Code   RO          896    !!!scatter          c_w.l(__scatter.o)
    0x0800016c   0x0800016c   0x0000001a   Code   RO          898    !!handler_copy      c_w.l(__scatter_copy.o)
    0x08000186   0x08000186   0x00000002   PAD
    0x08000188   0x08000188   0x0000001c   Code   RO          900    !!handler_zi        c_w.l(__scatter_zi.o)
    0x080001a4   0x080001a4   0x00000000   Code   RO          495    .ARM.Collect$$_printf_percent$$00000000  c_w.l(_printf_percent.o)
    0x080001a4   0x080001a4   0x00000006   Code   RO          610    .ARM.Collect$$_printf_percent$$00000001  c_w.l(_printf_n.o)
    0x080001aa   0x080001aa   0x00000006   Code   RO          612    .ARM.Collect$$_printf_percent$$00000002  c_w.l(_printf_p.o)
    0x080001b0   0x080001b0   0x00000006   Code   RO          617    .ARM.Collect$$_printf_percent$$00000003  c_w.l(_printf_f.o)
    0x080001b6   0x080001b6   0x00000006   Code   RO          618    .ARM.Collect$$_printf_percent$$00000004  c_w.l(_printf_e.o)
    0x080001bc   0x080001bc   0x00000006   Code   RO          619    .ARM.Collect$$_printf_percent$$00000005  c_w.l(_printf_g.o)
    0x080001c2   0x080001c2   0x00000006   Code   RO          620    .ARM.Collect$$_printf_percent$$00000006  c_w.l(_printf_a.o)
    0x080001c8   0x080001c8   0x0000000a   Code   RO          625    .ARM.Collect$$_printf_percent$$00000007  c_w.l(_printf_ll.o)
    0x080001d2   0x080001d2   0x00000006   Code   RO          614    .ARM.Collect$$_printf_percent$$00000008  c_w.l(_printf_i.o)
    0x080001d8   0x080001d8   0x00000006   Code   RO          615    .ARM.Collect$$_printf_percent$$00000009  c_w.l(_printf_d.o)
    0x080001de   0x080001de   0x00000006   Code   RO          616    .ARM.Collect$$_printf_percent$$0000000A  c_w.l(_printf_u.o)
    0x080001e4   0x080001e4   0x00000006   Code   RO          613    .ARM.Collect$$_printf_percent$$0000000B  c_w.l(_printf_o.o)
    0x080001ea   0x080001ea   0x00000006   Code   RO          611    .ARM.Collect$$_printf_percent$$0000000C  c_w.l(_printf_x.o)
    0x080001f0   0x080001f0   0x00000006   Code   RO          622    .ARM.Collect$$_printf_percent$$0000000D  c_w.l(_printf_lli.o)
    0x080001f6   0x080001f6   0x00000006   Code   RO          623    .ARM.Collect$$_printf_percent$$0000000E  c_w.l(_printf_lld.o)
    0x080001fc   0x080001fc   0x00000006   Code   RO          624    .ARM.Collect$$_printf_percent$$0000000F  c_w.l(_printf_llu.o)
    0x08000202   0x08000202   0x00000006   Code   RO          629    .ARM.Collect$$_printf_percent$$00000010  c_w.l(_printf_llo.o)
    0x08000208   0x08000208   0x00000006   Code   RO          630    .ARM.Collect$$_printf_percent$$00000011  c_w.l(_printf_llx.o)
    0x0800020e   0x0800020e   0x0000000a   Code   RO          626    .ARM.Collect$$_printf_percent$$00000012  c_w.l(_printf_l.o)
    0x08000218   0x08000218   0x00000006   Code   RO          609    .ARM.Collect$$_printf_percent$$00000013  c_w.l(_printf_c.o)
    0x0800021e   0x0800021e   0x00000006   Code   RO          494    .ARM.Collect$$_printf_percent$$00000014  c_w.l(_printf_s.o)
    0x08000224   0x08000224   0x00000006   Code   RO          627    .ARM.Collect$$_printf_percent$$00000015  c_w.l(_printf_lc.o)
    0x0800022a   0x0800022a   0x00000006   Code   RO          628    .ARM.Collect$$_printf_percent$$00000016  c_w.l(_printf_ls.o)
    0x08000230   0x08000230   0x00000004   Code   RO          621    .ARM.Collect$$_printf_percent$$00000017  c_w.l(_printf_percent_end.o)
    0x08000234   0x08000234   0x00000002   Code   RO          760    .ARM.Collect$$libinit$$00000000  c_w.l(libinit.o)
    0x08000236   0x08000236   0x00000000   Code   RO          773    .ARM.Collect$$libinit$$00000002  c_w.l(libinit2.o)
    0x08000236   0x08000236   0x00000000   Code   RO          775    .ARM.Collect$$libinit$$00000004  c_w.l(libinit2.o)
    0x08000236   0x08000236   0x00000000   Code   RO          778    .ARM.Collect$$libinit$$0000000A  c_w.l(libinit2.o)
    0x08000236   0x08000236   0x00000000   Code   RO          780    .ARM.Collect$$libinit$$0000000C  c_w.l(libinit2.o)
    0x08000236   0x08000236   0x00000000   Code   RO          782    .ARM.Collect$$libinit$$0000000E  c_w.l(libinit2.o)
    0x08000236   0x08000236   0x00000006   Code   RO          783    .ARM.Collect$$libinit$$0000000F  c_w.l(libinit2.o)
    0x0800023c   0x0800023c   0x00000000   Code   RO          785    .ARM.Collect$$libinit$$00000011  c_w.l(libinit2.o)
    0x0800023c   0x0800023c   0x0000000c   Code   RO          786    .ARM.Collect$$libinit$$00000012  c_w.l(libinit2.o)
    0x08000248   0x08000248   0x00000000   Code   RO          787    .ARM.Collect$$libinit$$00000013  c_w.l(libinit2.o)
    0x08000248   0x08000248   0x00000000   Code   RO          789    .ARM.Collect$$libinit$$00000015  c_w.l(libinit2.o)
    0x08000248   0x08000248   0x0000000a   Code   RO          790    .ARM.Collect$$libinit$$00000016  c_w.l(libinit2.o)
    0x08000252   0x08000252   0x00000000   Code   RO          791    .ARM.Collect$$libinit$$00000017  c_w.l(libinit2.o)
    0x08000252   0x08000252   0x00000000   Code   RO          793    .ARM.Collect$$libinit$$00000019  c_w.l(libinit2.o)
    0x08000252   0x08000252   0x00000000   Code   RO          795    .ARM.Collect$$libinit$$0000001B  c_w.l(libinit2.o)
    0x08000252   0x08000252   0x00000000   Code   RO          797    .ARM.Collect$$libinit$$0000001D  c_w.l(libinit2.o)
    0x08000252   0x08000252   0x00000000   Code   RO          799    .ARM.Collect$$libinit$$0000001F  c_w.l(libinit2.o)
    0x08000252   0x08000252   0x00000000   Code   RO          801    .ARM.Collect$$libinit$$00000021  c_w.l(libinit2.o)
    0x08000252   0x08000252   0x00000000   Code   RO          803    .ARM.Collect$$libinit$$00000023  c_w.l(libinit2.o)
    0x08000252   0x08000252   0x00000000   Code   RO          805    .ARM.Collect$$libinit$$00000025  c_w.l(libinit2.o)
    0x08000252   0x08000252   0x00000000   Code   RO          809    .ARM.Collect$$libinit$$0000002C  c_w.l(libinit2.o)
    0x08000252   0x08000252   0x00000000   Code   RO          811    .ARM.Collect$$libinit$$0000002E  c_w.l(libinit2.o)
    0x08000252   0x08000252   0x00000000   Code   RO          813    .ARM.Collect$$libinit$$00000030  c_w.l(libinit2.o)
    0x08000252   0x08000252   0x00000000   Code   RO          815    .ARM.Collect$$libinit$$00000032  c_w.l(libinit2.o)
    0x08000252   0x08000252   0x00000002   Code   RO          816    .ARM.Collect$$libinit$$00000033  c_w.l(libinit2.o)
    0x08000254   0x08000254   0x00000002   Code   RO          838    .ARM.Collect$$libshutdown$$00000000  c_w.l(libshutdown.o)
    0x08000256   0x08000256   0x00000000   Code   RO          848    .ARM.Collect$$libshutdown$$00000002  c_w.l(libshutdown2.o)
    0x08000256   0x08000256   0x00000000   Code   RO          850    .ARM.Collect$$libshutdown$$00000004  c_w.l(libshutdown2.o)
    0x08000256   0x08000256   0x00000000   Code   RO          853    .ARM.Collect$$libshutdown$$00000007  c_w.l(libshutdown2.o)
    0x08000256   0x08000256   0x00000000   Code   RO          856    .ARM.Collect$$libshutdown$$0000000A  c_w.l(libshutdown2.o)
    0x08000256   0x08000256   0x00000000   Code   RO          858    .ARM.Collect$$libshutdown$$0000000C  c_w.l(libshutdown2.o)
    0x08000256   0x08000256   0x00000000   Code   RO          861    .ARM.Collect$$libshutdown$$0000000F  c_w.l(libshutdown2.o)
    0x08000256   0x08000256   0x00000002   Code   RO          862    .ARM.Collect$$libshutdown$$00000010  c_w.l(libshutdown2.o)
    0x08000258   0x08000258   0x00000000   Code   RO          558    .ARM.Collect$$rtentry$$00000000  c_w.l(__rtentry.o)
    0x08000258   0x08000258   0x00000000   Code   RO          670    .ARM.Collect$$rtentry$$00000002  c_w.l(__rtentry2.o)
    0x08000258   0x08000258   0x00000006   Code   RO          682    .ARM.Collect$$rtentry$$00000004  c_w.l(__rtentry4.o)
    0x0800025e   0x0800025e   0x00000000   Code   RO          672    .ARM.Collect$$rtentry$$00000009  c_w.l(__rtentry2.o)
    0x0800025e   0x0800025e   0x00000004   Code   RO          673    .ARM.Collect$$rtentry$$0000000A  c_w.l(__rtentry2.o)
    0x08000262   0x08000262   0x00000000   Code   RO          675    .ARM.Collect$$rtentry$$0000000C  c_w.l(__rtentry2.o)
    0x08000262   0x08000262   0x00000008   Code   RO          676    .ARM.Collect$$rtentry$$0000000D  c_w.l(__rtentry2.o)
    0x0800026a   0x0800026a   0x00000002   Code   RO          765    .ARM.Collect$$rtexit$$00000000  c_w.l(rtexit.o)
    0x0800026c   0x0800026c   0x00000000   Code   RO          820    .ARM.Collect$$rtexit$$00000002  c_w.l(rtexit2.o)
    0x0800026c   0x0800026c   0x00000004   Code   RO          821    .ARM.Collect$$rtexit$$00000003  c_w.l(rtexit2.o)
    0x08000270   0x08000270   0x00000006   Code   RO          822    .ARM.Collect$$rtexit$$00000004  c_w.l(rtexit2.o)
    0x08000276   0x08000276   0x00000002   PAD
    0x08000278   0x08000278   0x0000000c   Code   RO          364    .emb_text           sys.o
    0x08000284   0x08000284   0x000001f0   Code   RO            1    .text               main.o
    0x08000474   0x08000474   0x0000001a   Code   RO          156    .text               stm32f10x_it.o
    0x0800048e   0x0800048e   0x00000002   PAD
    0x08000490   0x08000490   0x000001e0   Code   RO          197    .text               system_stm32f10x.o
    0x08000670   0x08000670   0x00000224   Code   RO          215    .text               encoder.o
    0x08000894   0x08000894   0x00000798   Code   RO          231    .text               control.o
    0x0800102c   0x0800102c   0x000001a8   Code   RO          246    .text               motor.o
    0x080011d4   0x080011d4   0x000001d0   Code   RO          258    .text               usart3.o
    0x080013a4   0x080013a4   0x00000228   Code   RO          284    .text               esp8266.o
    0x080015cc   0x080015cc   0x00000108   Code   RO          296    .text               red.o
    0x080016d4   0x080016d4   0x000000d4   Code   RO          327    .text               delay.o
    0x080017a8   0x080017a8   0x00000140   Code   RO          341    .text               usart.o
    0x080018e8   0x080018e8   0x000002bc   Code   RO          365    .text               sys.o
    0x08001ba4   0x08001ba4   0x00000040   Code   RO          394    .text               startup_stm32f10x_hd.o
    0x08001be4   0x08001be4   0x000000dc   Code   RO          398    .text               misc.o
    0x08001cc0   0x08001cc0   0x0000035c   Code   RO          410    .text               stm32f10x_gpio.o
    0x0800201c   0x0800201c   0x000003a4   Code   RO          422    .text               stm32f10x_rcc.o
    0x080023c0   0x080023c0   0x00000408   Code   RO          436    .text               stm32f10x_usart.o
    0x080027c8   0x080027c8   0x00000002   Code   RO          462    .text               c_w.l(use_no_semi_2.o)
    0x080027ca   0x080027ca   0x00000002   PAD
    0x080027cc   0x080027cc   0x00000024   Code   RO          464    .text               c_w.l(c89vsprintf.o)
    0x080027f0   0x080027f0   0x00000018   Code   RO          466    .text               c_w.l(__2printf.o)
    0x08002808   0x08002808   0x00000052   Code   RO          472    .text               c_w.l(_printf_str.o)
    0x0800285a   0x0800285a   0x00000002   PAD
    0x0800285c   0x0800285c   0x00000188   Code   RO          491    .text               c_w.l(__printf_flags_ss_wp.o)
    0x080029e4   0x080029e4   0x00000024   Code   RO          496    .text               c_w.l(strstr.o)
    0x08002a08   0x08002a08   0x0000003e   Code   RO          498    .text               c_w.l(strlen.o)
    0x08002a46   0x08002a46   0x00000006   Code   RO          500    .text               c_w.l(heapauxi.o)
    0x08002a4c   0x08002a4c   0x00000002   Code   RO          556    .text               c_w.l(use_no_semi.o)
    0x08002a4e   0x08002a4e   0x00000016   Code   RO          559    .text               c_w.l(_rserrno.o)
    0x08002a64   0x08002a64   0x0000004e   Code   RO          561    .text               c_w.l(_printf_pad.o)
    0x08002ab2   0x08002ab2   0x00000024   Code   RO          563    .text               c_w.l(_printf_truncate.o)
    0x08002ad6   0x08002ad6   0x00000002   PAD
    0x08002ad8   0x08002ad8   0x00000078   Code   RO          565    .text               c_w.l(_printf_dec.o)
    0x08002b50   0x08002b50   0x00000028   Code   RO          567    .text               c_w.l(_printf_charcount.o)
    0x08002b78   0x08002b78   0x00000030   Code   RO          569    .text               c_w.l(_printf_char_common.o)
    0x08002ba8   0x08002ba8   0x0000000a   Code   RO          571    .text               c_w.l(_sputc.o)
    0x08002bb2   0x08002bb2   0x0000002c   Code   RO          573    .text               c_w.l(_printf_char.o)
    0x08002bde   0x08002bde   0x00000002   PAD
    0x08002be0   0x08002be0   0x00000024   Code   RO          575    .text               c_w.l(_printf_char_file.o)
    0x08002c04   0x08002c04   0x000000bc   Code   RO          577    .text               c_w.l(_printf_wctomb.o)
    0x08002cc0   0x08002cc0   0x0000007c   Code   RO          580    .text               c_w.l(_printf_longlong_dec.o)
    0x08002d3c   0x08002d3c   0x00000070   Code   RO          586    .text               c_w.l(_printf_oct_int_ll.o)
    0x08002dac   0x08002dac   0x00000094   Code   RO          606    .text               c_w.l(_printf_hex_int_ll_ptr.o)
    0x08002e40   0x08002e40   0x00000008   Code   RO          687    .text               c_w.l(rt_errno_addr_intlibspace.o)
    0x08002e48   0x08002e48   0x0000008a   Code   RO          689    .text               c_w.l(lludiv10.o)
    0x08002ed2   0x08002ed2   0x000000b2   Code   RO          691    .text               c_w.l(_printf_intcommon.o)
    0x08002f84   0x08002f84   0x0000041e   Code   RO          693    .text               c_w.l(_printf_fp_dec.o)
    0x080033a2   0x080033a2   0x0000002c   Code   RO          697    .text               c_w.l(_printf_wchar.o)
    0x080033ce   0x080033ce   0x00000008   Code   RO          699    .text               c_w.l(ferror.o)
    0x080033d6   0x080033d6   0x00000040   Code   RO          703    .text               c_w.l(_wcrtomb.o)
    0x08003416   0x08003416   0x00000002   PAD
    0x08003418   0x08003418   0x00000008   Code   RO          711    .text               c_w.l(libspace.o)
    0x08003420   0x08003420   0x0000004a   Code   RO          714    .text               c_w.l(sys_stackheap_outer.o)
    0x0800346a   0x0800346a   0x00000002   PAD
    0x0800346c   0x0800346c   0x00000010   Code   RO          716    .text               c_w.l(rt_ctype_table.o)
    0x0800347c   0x0800347c   0x00000008   Code   RO          721    .text               c_w.l(rt_locale_intlibspace.o)
    0x08003484   0x08003484   0x00000080   Code   RO          723    .text               c_w.l(_printf_fp_infnan.o)
    0x08003504   0x08003504   0x000000e4   Code   RO          725    .text               c_w.l(bigflt0.o)
    0x080035e8   0x080035e8   0x00000012   Code   RO          753    .text               c_w.l(exit.o)
    0x080035fa   0x080035fa   0x00000002   PAD
    0x080035fc   0x080035fc   0x00000080   Code   RO          770    .text               c_w.l(strcmpv7m.o)
    0x0800367c   0x0800367c   0x0000003e   Code   RO          728    CL$$btod_d2e        c_w.l(btod.o)
    0x080036ba   0x080036ba   0x00000046   Code   RO          730    CL$$btod_d2e_denorm_low  c_w.l(btod.o)
    0x08003700   0x08003700   0x00000060   Code   RO          729    CL$$btod_d2e_norm_op1  c_w.l(btod.o)
    0x08003760   0x08003760   0x00000338   Code   RO          738    CL$$btod_div_common  c_w.l(btod.o)
    0x08003a98   0x08003a98   0x000000dc   Code   RO          735    CL$$btod_e2e        c_w.l(btod.o)
    0x08003b74   0x08003b74   0x0000002a   Code   RO          732    CL$$btod_ediv       c_w.l(btod.o)
    0x08003b9e   0x08003b9e   0x0000002a   Code   RO          731    CL$$btod_emul       c_w.l(btod.o)
    0x08003bc8   0x08003bc8   0x00000244   Code   RO          737    CL$$btod_mult_common  c_w.l(btod.o)
    0x08003e0c   0x08003e0c   0x00000028   Code   RO          707    i.__ARM_fpclassify  m_ws.l(fpclassify.o)
    0x08003e34   0x08003e34   0x00000388   Code   RO          658    i.__ieee754_rem_pio2  m_ws.l(rred.o)
    0x080041bc   0x080041bc   0x000000aa   Code   RO          709    i.__kernel_poly     m_ws.l(poly.o)
    0x08004266   0x08004266   0x00000002   PAD
    0x08004268   0x08004268   0x0000027c   Code   RO          663    i.__kernel_tan      m_ws.l(tan_i.o)
    0x080044e4   0x080044e4   0x00000006   Code   RO          645    i.__mathlib_dbl_infnan  m_ws.l(dunder.o)
    0x080044ea   0x080044ea   0x0000000c   Code   RO          647    i.__mathlib_dbl_invalid  m_ws.l(dunder.o)
    0x080044f6   0x080044f6   0x00000002   PAD
    0x080044f8   0x080044f8   0x00000010   Code   RO          650    i.__mathlib_dbl_underflow  m_ws.l(dunder.o)
    0x08004508   0x08004508   0x0000000e   Code   RO          484    i._is_digit         c_w.l(__printf_wp.o)
    0x08004516   0x08004516   0x00000002   PAD
    0x08004518   0x08004518   0x00000064   Code   RO          549    i.tan               m_ws.l(tan.o)
    0x0800457c   0x0800457c   0x0000002c   Code   RO          751    locale$$code        c_w.l(lc_numeric_c.o)
    0x080045a8   0x080045a8   0x0000002c   Code   RO          768    locale$$code        c_w.l(lc_ctype_c.o)
    0x080045d4   0x080045d4   0x00000150   Code   RO          504    x$fpl$dadd          fz_ws.l(daddsub_clz.o)
    0x08004724   0x08004724   0x00000010   Code   RO          761    x$fpl$dcheck1       fz_ws.l(dcheck1.o)
    0x08004734   0x08004734   0x000002b0   Code   RO          511    x$fpl$ddiv          fz_ws.l(ddiv.o)
    0x080049e4   0x080049e4   0x0000005e   Code   RO          514    x$fpl$dfix          fz_ws.l(dfix.o)
    0x08004a42   0x08004a42   0x0000002e   Code   RO          519    x$fpl$dflt          fz_ws.l(dflt_clz.o)
    0x08004a70   0x08004a70   0x00000026   Code   RO          518    x$fpl$dfltu         fz_ws.l(dflt_clz.o)
    0x08004a96   0x08004a96   0x00000002   PAD
    0x08004a98   0x08004a98   0x00000154   Code   RO          524    x$fpl$dmul          fz_ws.l(dmul.o)
    0x08004bec   0x08004bec   0x0000009c   Code   RO          631    x$fpl$dnaninf       fz_ws.l(dnaninf.o)
    0x08004c88   0x08004c88   0x0000000c   Code   RO          633    x$fpl$dretinf       fz_ws.l(dretinf.o)
    0x08004c94   0x08004c94   0x00000016   Code   RO          505    x$fpl$drsb          fz_ws.l(daddsub_clz.o)
    0x08004caa   0x08004caa   0x00000002   PAD
    0x08004cac   0x08004cac   0x000001d4   Code   RO          506    x$fpl$dsub          fz_ws.l(daddsub_clz.o)
    0x08004e80   0x08004e80   0x00000056   Code   RO          526    x$fpl$f2d           fz_ws.l(f2d.o)
    0x08004ed6   0x08004ed6   0x00000002   PAD
    0x08004ed8   0x08004ed8   0x000000c4   Code   RO          528    x$fpl$fadd          fz_ws.l(faddsub_clz.o)
    0x08004f9c   0x08004f9c   0x00000018   Code   RO          635    x$fpl$fcmpinf       fz_ws.l(fcmpi.o)
    0x08004fb4   0x08004fb4   0x00000068   Code   RO          534    x$fpl$feqf          fz_ws.l(feqf.o)
    0x0800501c   0x0800501c   0x00000036   Code   RO          536    x$fpl$ffix          fz_ws.l(ffix.o)
    0x08005052   0x08005052   0x00000002   PAD
    0x08005054   0x08005054   0x00000030   Code   RO          541    x$fpl$fflt          fz_ws.l(fflt_clz.o)
    0x08005084   0x08005084   0x00000026   Code   RO          540    x$fpl$ffltu         fz_ws.l(fflt_clz.o)
    0x080050aa   0x080050aa   0x00000002   PAD
    0x080050ac   0x080050ac   0x00000102   Code   RO          546    x$fpl$fmul          fz_ws.l(fmul.o)
    0x080051ae   0x080051ae   0x0000008c   Code   RO          637    x$fpl$fnaninf       fz_ws.l(fnaninf.o)
    0x0800523a   0x0800523a   0x0000000a   Code   RO          639    x$fpl$fretinf       fz_ws.l(fretinf.o)
    0x08005244   0x08005244   0x000000ea   Code   RO          530    x$fpl$fsub          fz_ws.l(faddsub_clz.o)
    0x0800532e   0x0800532e   0x00000004   Code   RO          641    x$fpl$printf1       fz_ws.l(printf1.o)
    0x08005332   0x08005332   0x00000064   Code   RO          817    x$fpl$retnan        fz_ws.l(retnan.o)
    0x08005396   0x08005396   0x0000005c   Code   RO          705    x$fpl$scalbn        fz_ws.l(scalbn.o)
    0x080053f2   0x080053f2   0x00000030   Code   RO          830    x$fpl$trapveneer    fz_ws.l(trapv.o)
    0x08005422   0x08005422   0x00000000   Code   RO          643    x$fpl$usenofp       fz_ws.l(usenofp.o)
    0x08005422   0x08005422   0x00000011   Data   RO          492    .constdata          c_w.l(__printf_flags_ss_wp.o)
    0x08005433   0x08005433   0x00000001   PAD
    0x08005434   0x08005434   0x00000008   Data   RO          578    .constdata          c_w.l(_printf_wctomb.o)
    0x0800543c   0x0800543c   0x00000028   Data   RO          607    .constdata          c_w.l(_printf_hex_int_ll_ptr.o)
    0x08005464   0x08005464   0x00000004   PAD
    0x08005468   0x08005468   0x000000c8   Data   RO          660    .constdata          m_ws.l(rred.o)
    0x08005530   0x08005530   0x00000060   Data   RO          664    .constdata          m_ws.l(tan_i.o)
    0x08005590   0x08005590   0x00000094   Data   RO          726    .constdata          c_w.l(bigflt0.o)
    0x08005624   0x08005624   0x00000020   Data   RO          894    Region$$Table       anon$$obj.o
    0x08005644   0x08005644   0x0000001c   Data   RO          750    locale$$data        c_w.l(lc_numeric_c.o)
    0x08005660   0x08005660   0x00000110   Data   RO          767    locale$$data        c_w.l(lc_ctype_c.o)


    Execution Region RW_IRAM1 (Exec base: 0x20000000, Load base: 0x08005770, Size: 0x00000cc8, Max: 0x00005000, ABSOLUTE)

    Exec Addr    Load Addr    Size         Type   Attr      Idx    E Section Name        Object

    0x20000000   0x08005770   0x00000076   Data   RW            2    .data               main.o
    0x20000076   0x080057e6   0x00000002   PAD
    0x20000078   0x080057e8   0x00000014   Data   RW          198    .data               system_stm32f10x.o
    0x2000008c   0x080057fc   0x0000002c   Data   RW          232    .data               control.o
    0x200000b8   0x08005828   0x00000002   Data   RW          260    .data               usart3.o
    0x200000ba   0x0800582a   0x00000002   PAD
    0x200000bc   0x0800582c   0x00000014   Data   RW          297    .data               red.o
    0x200000d0   0x08005840   0x00000004   Data   RW          328    .data               delay.o
    0x200000d4   0x08005844   0x00000006   Data   RW          343    .data               usart.o
    0x200000da   0x0800584a   0x00000014   Data   RW          423    .data               stm32f10x_rcc.o
    0x200000ee   0x0800585e   0x00000002   PAD
    0x200000f0        -       0x000004b0   Zero   RW          259    .bss                usart3.o
    0x200005a0        -       0x000000c8   Zero   RW          342    .bss                usart.o
    0x20000668        -       0x00000060   Zero   RW          712    .bss                c_w.l(libspace.o)
    0x200006c8        -       0x00000200   Zero   RW          392    HEAP                startup_stm32f10x_hd.o
    0x200008c8        -       0x00000400   Zero   RW          391    STACK               startup_stm32f10x_hd.o


==============================================================================

Image component sizes


      Code (inc. data)   RO Data    RW Data    ZI Data      Debug   Object Name

      1944        230          0         44          0       3588   control.o
       212         18          0          4          0       1067   delay.o
       548         16          0          0          0       1303   encoder.o
       552        190          0          0          0       2198   esp8266.o
       496         50          0        118          0     234069   main.o
       220         22          0          0          0       1825   misc.o
       424         20          0          0          0        876   motor.o
       264         24          0         20          0       1202   red.o
        64         26        304          0       1536        796   startup_stm32f10x_hd.o
       860         38          0          0          0       5757   stm32f10x_gpio.o
        26          0          0          0          0       1194   stm32f10x_it.o
       932         36          0         20          0       8948   stm32f10x_rcc.o
      1032         22          0          0          0       8484   stm32f10x_usart.o
       712         44          0          0          0       2871   sys.o
       480         38          0         20          0       1779   system_stm32f10x.o
       320         16          0          6        200       3210   usart.o
       464         22          0          2       1200       3170   usart3.o

    ----------------------------------------------------------------------
      9552        812        336        240       2936     282337   Object Totals
         0          0         32          0          0          0   (incl. Generated)
         2          0          0          6          0          0   (incl. Padding)

    ----------------------------------------------------------------------

      Code (inc. data)   RO Data    RW Data    ZI Data      Debug   Library Member Name

        24          4          0          0          0         84   __2printf.o
         8          0          0          0          0         68   __main.o
       392          4         17          0          0         92   __printf_flags_ss_wp.o
        14          0          0          0          0         68   __printf_wp.o
         0          0          0          0          0          0   __rtentry.o
        12          0          0          0          0          0   __rtentry2.o
         6          0          0          0          0          0   __rtentry4.o
        52          8          0          0          0          0   __scatter.o
        26          0          0          0          0          0   __scatter_copy.o
        28          0          0          0          0          0   __scatter_zi.o
         6          0          0          0          0          0   _printf_a.o
         6          0          0          0          0          0   _printf_c.o
        44          0          0          0          0        108   _printf_char.o
        48          6          0          0          0         96   _printf_char_common.o
        36          4          0          0          0         80   _printf_char_file.o
        40          0          0          0          0         68   _printf_charcount.o
         6          0          0          0          0          0   _printf_d.o
       120         16          0          0          0         92   _printf_dec.o
         6          0          0          0          0          0   _printf_e.o
         6          0          0          0          0          0   _printf_f.o
      1054          0          0          0          0        216   _printf_fp_dec.o
       128         16          0          0          0         84   _printf_fp_infnan.o
         6          0          0          0          0          0   _printf_g.o
       148          4         40          0          0        160   _printf_hex_int_ll_ptr.o
         6          0          0          0          0          0   _printf_i.o
       178          0          0          0          0         88   _printf_intcommon.o
        10          0          0          0          0          0   _printf_l.o
         6          0          0          0          0          0   _printf_lc.o
        10          0          0          0          0          0   _printf_ll.o
         6          0          0          0          0          0   _printf_lld.o
         6          0          0          0          0          0   _printf_lli.o
         6          0          0          0          0          0   _printf_llo.o
         6          0          0          0          0          0   _printf_llu.o
         6          0          0          0          0          0   _printf_llx.o
       124         16          0          0          0         92   _printf_longlong_dec.o
         6          0          0          0          0          0   _printf_ls.o
         6          0          0          0          0          0   _printf_n.o
         6          0          0          0          0          0   _printf_o.o
       112         10          0          0          0        124   _printf_oct_int_ll.o
         6          0          0          0          0          0   _printf_p.o
        78          0          0          0          0        108   _printf_pad.o
         0          0          0          0          0          0   _printf_percent.o
         4          0          0          0          0          0   _printf_percent_end.o
         6          0          0          0          0          0   _printf_s.o
        82          0          0          0          0         80   _printf_str.o
        36          0          0          0          0         84   _printf_truncate.o
         6          0          0          0          0          0   _printf_u.o
        44          0          0          0          0        108   _printf_wchar.o
       188          6          8          0          0         92   _printf_wctomb.o
         6          0          0          0          0          0   _printf_x.o
        22          0          0          0          0        100   _rserrno.o
        10          0          0          0          0         68   _sputc.o
        64          0          0          0          0         92   _wcrtomb.o
       228          4        148          0          0         96   bigflt0.o
      1936        128          0          0          0        672   btod.o
        36          4          0          0          0         76   c89vsprintf.o
        18          0          0          0          0         80   exit.o
         8          0          0          0          0         68   ferror.o
         6          0          0          0          0        152   heapauxi.o
        44         10        272          0          0         76   lc_ctype_c.o
        44         10         28          0          0         76   lc_numeric_c.o
         2          0          0          0          0          0   libinit.o
        30          0          0          0          0          0   libinit2.o
         2          0          0          0          0          0   libshutdown.o
         2          0          0          0          0          0   libshutdown2.o
         8          4          0          0         96         68   libspace.o
       138          0          0          0          0         80   lludiv10.o
        16          4          0          0          0         76   rt_ctype_table.o
         8          4          0          0          0         68   rt_errno_addr_intlibspace.o
         8          4          0          0          0         68   rt_locale_intlibspace.o
         2          0          0          0          0          0   rtexit.o
        10          0          0          0          0          0   rtexit2.o
       128          0          0          0          0         68   strcmpv7m.o
        62          0          0          0          0         76   strlen.o
        36          0          0          0          0         80   strstr.o
        74          0          0          0          0         80   sys_stackheap_outer.o
         2          0          0          0          0         68   use_no_semi.o
         2          0          0          0          0         68   use_no_semi_2.o
       826         16          0          0          0        348   daddsub_clz.o
        16          4          0          0          0         68   dcheck1.o
       688        140          0          0          0        208   ddiv.o
        94          4          0          0          0         92   dfix.o
        84          0          0          0          0        136   dflt_clz.o
       340         12          0          0          0        104   dmul.o
       156          4          0          0          0         92   dnaninf.o
        12          0          0          0          0         68   dretinf.o
        86          4          0          0          0         84   f2d.o
       430          8          0          0          0        168   faddsub_clz.o
        24          0          0          0          0         68   fcmpi.o
       104          4          0          0          0         84   feqf.o
        54          4          0          0          0         84   ffix.o
        86          0          0          0          0        136   fflt_clz.o
       258          4          0          0          0         84   fmul.o
       140          4          0          0          0         84   fnaninf.o
        10          0          0          0          0         68   fretinf.o
         4          0          0          0          0         68   printf1.o
       100          0          0          0          0         68   retnan.o
        92          0          0          0          0         68   scalbn.o
        48          0          0          0          0         68   trapv.o
         0          0          0          0          0          0   usenofp.o
        34          6          0          0          0        204   dunder.o
        40          0          0          0          0         68   fpclassify.o
       170          0          0          0          0         96   poly.o
       904         76        200          0          0        140   rred.o
       100         10          0          0          0         96   tan.o
       636         50         96          0          0        168   tan_i.o

    ----------------------------------------------------------------------
     11682        616        814          0         96       7368   Library Totals
        34          0          5          0          0          0   (incl. Padding)

    ----------------------------------------------------------------------

      Code (inc. data)   RO Data    RW Data    ZI Data      Debug   Library Name

      6112        266        513          0         96       4348   c_w.l
      3652        208          0          0          0       2248   fz_ws.l
      1884        142        296          0          0        772   m_ws.l

    ----------------------------------------------------------------------
     11682        616        814          0         96       7368   Library Totals

    ----------------------------------------------------------------------

==============================================================================


      Code (inc. data)   RO Data    RW Data    ZI Data      Debug   

     21234       1428       1150        240       3032     284293   Grand Totals
     21234       1428       1150        240       3032     284293   ELF Image Totals
     21234       1428       1150        240          0          0   ROM Totals

==============================================================================

    Total RO  Size (Code + RO Data)                22384 (  21.86kB)
    Total RW  Size (RW Data + ZI Data)              3272 (   3.20kB)
    Total ROM Size (Code + RO Data + RW Data)      22624 (  22.09kB)

==============================================================================

